This file contains any messages produced by compilers while
running configure, to aid debugging if configure makes a mistake.

configure:567: checking host system type
configure:642: checking for _oss_ioctl in -lossaudio
configure:689: checking for snd_pcm_open in -lasound
configure:736: checking for sio_open in -lsndio
configure:783: checking for pa_strerror in -lpulse
configure:830: checking for pa_simple_new in -lpulse-simple
configure:883: checking how to run the C preprocessor
configure:966: checking for sys/cdio.h
configure:966: checking for sys/cdrio.h
configure:966: checking for sundev/srreg.h
configure:966: checking for sys/audioio.h
configure:966: checking for sun/audioio.h
configure:1006: checking for soundcard.h
configure:1006: checking for sys/soundcard.h
configure:1006: checking for linux/soundcard.h
configure:1006: checking for machine/soundcard.h
configure:1178: checking for windows.h
configure:1178: checking for mmsystem.h
